Archive member included to satisfy reference by file (symbol)

C:/ST/STM32CubeIDE_1.15.1/STM32CubeIDE/plugins/com.st.stm32cube.ide.mcu.externaltools.gnu-tools-for-stm32.12.3.rel1.win32_1.0.200.202406191623/tools/bin/../lib/gcc/arm-none-eabi/12.3.1/../../../../arm-none-eabi/lib/thumb/v7e-m+fp/hard\libc_nano.a(libc_a-assert.o)
                              ./drivers/Src/stm32f407x_gpio_driver.o (__assert_func)
C:/ST/STM32CubeIDE_1.15.1/STM32CubeIDE/plugins/com.st.stm32cube.ide.mcu.externaltools.gnu-tools-for-stm32.12.3.rel1.win32_1.0.200.202406191623/tools/bin/../lib/gcc/arm-none-eabi/12.3.1/../../../../arm-none-eabi/lib/thumb/v7e-m+fp/hard\libc_nano.a(libc_a-exit.o)
                              C:/ST/STM32CubeIDE_1.15.1/STM32CubeIDE/plugins/com.st.stm32cube.ide.mcu.externaltools.gnu-tools-for-stm32.12.3.rel1.win32_1.0.200.202406191623/tools/bin/../lib/gcc/arm-none-eabi/12.3.1/../../../../arm-none-eabi/lib/thumb/v7e-m+fp/hard/crt0.o (exit)
C:/ST/STM32CubeIDE_1.15.1/STM32CubeIDE/plugins/com.st.stm32cube.ide.mcu.externaltools.gnu-tools-for-stm32.12.3.rel1.win32_1.0.200.202406191623/tools/bin/../lib/gcc/arm-none-eabi/12.3.1/../../../../arm-none-eabi/lib/thumb/v7e-m+fp/hard\libc_nano.a(libc_a-findfp.o)
                              C:/ST/STM32CubeIDE_1.15.1/STM32CubeIDE/plugins/com.st.stm32cube.ide.mcu.externaltools.gnu-tools-for-stm32.12.3.rel1.win32_1.0.200.202406191623/tools/bin/../lib/gcc/arm-none-eabi/12.3.1/../../../../arm-none-eabi/lib/thumb/v7e-m+fp/hard\libc_nano.a(libc_a-exit.o) (__stdio_exit_handler)
C:/ST/STM32CubeIDE_1.15.1/STM32CubeIDE/plugins/com.st.stm32cube.ide.mcu.externaltools.gnu-tools-for-stm32.12.3.rel1.win32_1.0.200.202406191623/tools/bin/../lib/gcc/arm-none-eabi/12.3.1/../../../../arm-none-eabi/lib/thumb/v7e-m+fp/hard\libc_nano.a(libc_a-fprintf.o)
                              C:/ST/STM32CubeIDE_1.15.1/STM32CubeIDE/plugins/com.st.stm32cube.ide.mcu.externaltools.gnu-tools-for-stm32.12.3.rel1.win32_1.0.200.202406191623/tools/bin/../lib/gcc/arm-none-eabi/12.3.1/../../../../arm-none-eabi/lib/thumb/v7e-m+fp/hard\libc_nano.a(libc_a-assert.o) (fiprintf)
C:/ST/STM32CubeIDE_1.15.1/STM32CubeIDE/plugins/com.st.stm32cube.ide.mcu.externaltools.gnu-tools-for-stm32.12.3.rel1.win32_1.0.200.202406191623/tools/bin/../lib/gcc/arm-none-eabi/12.3.1/../../../../arm-none-eabi/lib/thumb/v7e-m+fp/hard\libc_nano.a(libc_a-fwalk.o)
                              C:/ST/STM32CubeIDE_1.15.1/STM32CubeIDE/plugins/com.st.stm32cube.ide.mcu.externaltools.gnu-tools-for-stm32.12.3.rel1.win32_1.0.200.202406191623/tools/bin/../lib/gcc/arm-none-eabi/12.3.1/../../../../arm-none-eabi/lib/thumb/v7e-m+fp/hard\libc_nano.a(libc_a-findfp.o) (_fwalk_sglue)
C:/ST/STM32CubeIDE_1.15.1/STM32CubeIDE/plugins/com.st.stm32cube.ide.mcu.externaltools.gnu-tools-for-stm32.12.3.rel1.win32_1.0.200.202406191623/tools/bin/../lib/gcc/arm-none-eabi/12.3.1/../../../../arm-none-eabi/lib/thumb/v7e-m+fp/hard\libc_nano.a(libc_a-stdio.o)
                              C:/ST/STM32CubeIDE_1.15.1/STM32CubeIDE/plugins/com.st.stm32cube.ide.mcu.externaltools.gnu-tools-for-stm32.12.3.rel1.win32_1.0.200.202406191623/tools/bin/../lib/gcc/arm-none-eabi/12.3.1/../../../../arm-none-eabi/lib/thumb/v7e-m+fp/hard\libc_nano.a(libc_a-findfp.o) (__sread)
C:/ST/STM32CubeIDE_1.15.1/STM32CubeIDE/plugins/com.st.stm32cube.ide.mcu.externaltools.gnu-tools-for-stm32.12.3.rel1.win32_1.0.200.202406191623/tools/bin/../lib/gcc/arm-none-eabi/12.3.1/../../../../arm-none-eabi/lib/thumb/v7e-m+fp/hard\libc_nano.a(libc_a-memset.o)
                              C:/ST/STM32CubeIDE_1.15.1/STM32CubeIDE/plugins/com.st.stm32cube.ide.mcu.externaltools.gnu-tools-for-stm32.12.3.rel1.win32_1.0.200.202406191623/tools/bin/../lib/gcc/arm-none-eabi/12.3.1/../../../../arm-none-eabi/lib/thumb/v7e-m+fp/hard/crt0.o (memset)
C:/ST/STM32CubeIDE_1.15.1/STM32CubeIDE/plugins/com.st.stm32cube.ide.mcu.externaltools.gnu-tools-for-stm32.12.3.rel1.win32_1.0.200.202406191623/tools/bin/../lib/gcc/arm-none-eabi/12.3.1/../../../../arm-none-eabi/lib/thumb/v7e-m+fp/hard\libc_nano.a(libc_a-closer.o)
                              C:/ST/STM32CubeIDE_1.15.1/STM32CubeIDE/plugins/com.st.stm32cube.ide.mcu.externaltools.gnu-tools-for-stm32.12.3.rel1.win32_1.0.200.202406191623/tools/bin/../lib/gcc/arm-none-eabi/12.3.1/../../../../arm-none-eabi/lib/thumb/v7e-m+fp/hard\libc_nano.a(libc_a-stdio.o) (_close_r)
C:/ST/STM32CubeIDE_1.15.1/STM32CubeIDE/plugins/com.st.stm32cube.ide.mcu.externaltools.gnu-tools-for-stm32.12.3.rel1.win32_1.0.200.202406191623/tools/bin/../lib/gcc/arm-none-eabi/12.3.1/../../../../arm-none-eabi/lib/thumb/v7e-m+fp/hard\libc_nano.a(libc_a-reent.o)
                              C:/ST/STM32CubeIDE_1.15.1/STM32CubeIDE/plugins/com.st.stm32cube.ide.mcu.externaltools.gnu-tools-for-stm32.12.3.rel1.win32_1.0.200.202406191623/tools/bin/../lib/gcc/arm-none-eabi/12.3.1/../../../../arm-none-eabi/lib/thumb/v7e-m+fp/hard\libc_nano.a(libc_a-closer.o) (errno)
[...]
Memory Configuration

Name             Origin             Length             Attributes
CCMRAM           0x10000000         0x00010000         xrw
RAM              0x20000000         0x00020000         xrw
FLASH            0x08000000         0x00100000         xr
*default*        0x00000000         0xffffffff

Linker script and memory map

LOAD C:/ST/STM32CubeIDE_1.15.1/STM32CubeIDE/plugins/com.st.stm32cube.ide.mcu.externaltools.gnu-tools-for-stm32.12.3.rel1.win32_1.0.200.202406191623/tools/bin/../lib/gcc/arm-none-eabi/12.3.1/thumb/v7e-m+fp/hard/crti.o
LOAD C:/ST/STM32CubeIDE_1.15.1/STM32CubeIDE/plugins/com.st.stm32cube.ide.mcu.externaltools.gnu-tools-for-stm32.12.3.rel1.win32_1.0.200.202406191623/tools/bin/../lib/gcc/arm-none-eabi/12.3.1/thumb/v7e-m+fp/hard/crtbegin.o
LOAD C:/ST/STM32CubeIDE_1.15.1/STM32CubeIDE/plugins/com.st.stm32cube.ide.mcu.externaltools.gnu-tools-for-stm32.12.3.rel1.win32_1.0.200.202406191623/tools/bin/../lib/gcc/arm-none-eabi/12.3.1/../../../../arm-none-eabi/lib/thumb/v7e-m+fp/hard/crt0.o
LOAD ./Src/006SPI_tx_blocking.o
LOAD ./Startup/startup_stm32f407vgtx.o
LOAD ./drivers/Src/stdSPI.o
LOAD ./drivers/Src/stm32f407x_gpio_driver.o
START GROUP
LOAD C:/ST/STM32CubeIDE_1.15.1/STM32CubeIDE/plugins/com.st.stm32cube.ide.mcu.externaltools.gnu-tools-for-stm32.12.3.rel1.win32_1.0.200.202406191623/tools/bin/../lib/gcc/arm-none-eabi/12.3.1/../../../../arm-none-eabi/lib/thumb/v7e-m+fp/hard\libc_nano.a
LOAD C:/ST/STM32CubeIDE_1.15.1/STM32CubeIDE/plugins/com.st.stm32cube.ide.mcu.externaltools.gnu-tools-for-stm32.12.3.rel1.win32_1.0.200.202406191623/tools/bin/../lib/gcc/arm-none-eabi/12.3.1/../../../../arm-none-eabi/lib/thumb/v7e-m+fp/hard\libm.a
END GROUP
START GROUP
LOAD C:/ST/STM32CubeIDE_1.15.1/STM32CubeIDE/plugins/com.st.stm32cube.ide.mcu.externaltools.gnu-tools-for-stm32.12.3.rel1.win32_1.0.200.202406191623/tools/bin/../lib/gcc/arm-none-eabi/12.3.1/thumb/v7e-m+fp/hard\libgcc.a
LOAD C:/ST/STM32CubeIDE_1.15.1/STM32CubeIDE/plugins/com.st.stm32cube.ide.mcu.externaltools.gnu-tools-for-stm32.12.3.rel1.win32_1.0.200.202406191623/tools/bin/../lib/gcc/arm-none-eabi/12.3.1/../../../../arm-none-eabi/lib/thumb/v7e-m+fp/hard\libc_nano.a
END GROUP
START GROUP
LOAD C:/ST/STM32CubeIDE_1.15.1/STM32CubeIDE/plugins/com.st.stm32cube.ide.mcu.externaltools.gnu-tools-for-stm32.12.3.rel1.win32_1.0.200.202406191623/tools/bin/../lib/gcc/arm-none-eabi/12.3.1/thumb/v7e-m+fp/hard\libgcc.a
LOAD C:/ST/STM32CubeIDE_1.15.1/STM32CubeIDE/plugins/com.st.stm32cube.ide.mcu.externaltools.gnu-tools-for-stm32.12.3.rel1.win32_1.0.200.202406191623/tools/bin/../lib/gcc/arm-none-eabi/12.3.1/../../../../arm-none-eabi/lib/thumb/v7e-m+fp/hard\libc_nano.a
LOAD C:/ST/STM32CubeIDE_1.15.1/STM32CubeIDE/plugins/com.st.stm32cube.ide.mcu.externaltools.gnu-tools-for-stm32.12.3.rel1.win32_1.0.200.202406191623/tools/bin/../lib/gcc/arm-none-eabi/12.3.1/../../../../arm-none-eabi/lib/thumb/v7e-m+fp/hard\libnosys.a
END GROUP
START GROUP
LOAD C:/ST/STM32CubeIDE_1.15.1/STM32CubeIDE/plugins/com.st.stm32cube.ide.mcu.externaltools.gnu-tools-for-stm32.12.3.rel1.win32_1.0.200.202406191623/tools/bin/../lib/gcc/arm-none-eabi/12.3.1/thumb/v7e-m+fp/hard\libgcc.a
LOAD C:/ST/STM32CubeIDE_1.15.1/STM32CubeIDE/plugins/com.st.stm32cube.ide.mcu.externaltools.gnu-tools-for-stm32.12.3.rel1.win32_1.0.200.202406191623/tools/bin/../lib/gcc/arm-none-eabi/12.3.1/../../../../arm-none-eabi/lib/thumb/v7e-m+fp/hard\libc_nano.a
LOAD C:/ST/STM32CubeIDE_1.15.1/STM32CubeIDE/plugins/com.st.stm32cube.ide.mcu.externaltools.gnu-tools-for-stm32.12.3.rel1.win32_1.0.200.202406191623/tools/bin/../lib/gcc/arm-none-eabi/12.3.1/../../../../arm-none-eabi/lib/thumb/v7e-m+fp/hard\libnosys.a
END GROUP
LOAD C:/ST/STM32CubeIDE_1.15.1/STM32CubeIDE/plugins/com.st.stm32cube.ide.mcu.externaltools.gnu-tools-for-stm32.12.3.rel1.win32_1.0.200.202406191623/tools/bin/../lib/gcc/arm-none-eabi/12.3.1/thumb/v7e-m+fp/hard/crtend.o
LOAD C:/ST/STM32CubeIDE_1.15.1/STM32CubeIDE/plugins/com.st.stm32cube.ide.mcu.externaltools.gnu-tools-for-stm32.12.3.rel1.win32_1.0.200.202406191623/tools/bin/../lib/gcc/arm-none-eabi/12.3.1/thumb/v7e-m+fp/hard/crtn.o
                0x20020000                        _estack = (ORIGIN (RAM) + LENGTH (RAM))
                0x00000200                        _Min_Heap_Size = 0x200
                0x00000400                        _Min_Stack_Size = 0x400

.isr_vector     0x08000000      0x188
                0x08000000                        . = ALIGN (0x4)
 *(.isr_vector)
 .isr_vector    0x08000000      0x188 ./Startup/startup_stm32f407vgtx.o
                0x08000000                g_pfnVectors
                0x08000188                        . = ALIGN (0x4)

.text           0x08000188      0x938
                0x08000188                        . = ALIGN (0x4)
 *(.text)
 .text          0x08000188       0x40 C:/ST/STM32CubeIDE_1.15.1/STM32CubeIDE/plugins/com.st.stm32cube.ide.mcu.externaltools.gnu-tools-for-stm32.12.3.rel1.win32_1.0.200.202406191623/tools/bin/../lib/gcc/arm-none-eabi/12.3.1/thumb/v7e-m+fp/hard/crtbegin.o
 .text          0x080001c8       0x10 C:/ST/STM32CubeIDE_1.15.1/STM32CubeIDE/plugins/com.st.stm32cube.ide.mcu.externaltools.gnu-tools-for-stm32.12.3.rel1.win32_1.0.200.202406191623/tools/bin/../lib/gcc/arm-none-eabi/12.3.1/../../../../arm-none-eabi/lib/thumb/v7e-m+fp/hard\libc_nano.a(libc_a-strlen.o)
                0x080001c8                strlen
 *(.text*)
 .text.SPI2_GPIOInits
                0x080001d8       0x44 ./Src/006SPI_tx_blocking.o
                0x080001d8                SPI2_GPIOInits
 .text.SPI2_Inits
                0x0800021c       0x3c ./Src/006SPI_tx_blocking.o
                0x0800021c                SPI2_Inits
 .text.main     0x08000258       0x60 ./Src/006SPI_tx_blocking.o
                0x08000258                main
 .text.Reset_Handler
                0x080002b8       0x50 ./Startup/startup_stm32f407vgtx.o
                0x080002b8                Reset_Handler
 .text.Default_Handler
                0x08000308        0x2 ./Startup/startup_stm32f407vgtx.o
                0x08000308                RTC_Alarm_IRQHandler
                0x08000308                HASH_RNG_IRQHandler
                0x08000308                EXTI2_IRQHandler
                0x08000308                TIM8_CC_IRQHandler
                0x08000308                DebugMon_Handler
                0x08000308                TIM1_CC_IRQHandler
                0x08000308                DMA2_Stream5_IRQHandler
                0x08000308                HardFault_Handler
                0x08000308                DMA1_Stream5_IRQHandler
                0x08000308                SysTick_Handler
                0x08000308                PVD_IRQHandler
                0x08000308                SDIO_IRQHandler
                0x08000308                TAMP_STAMP_IRQHandler
                0x08000308                PendSV_Handler
                0x08000308                NMI_Handler
                0x08000308                CAN2_RX1_IRQHandler
                0x08000308                EXTI3_IRQHandler
                0x08000308                TIM8_TRG_COM_TIM14_IRQHandler
                0x08000308                TIM1_UP_TIM10_IRQHandler
                0x08000308                TIM8_UP_TIM13_IRQHandler
                0x08000308                I2C3_ER_IRQHandler
                0x08000308                EXTI0_IRQHandler
                0x08000308                I2C2_EV_IRQHandler
                0x08000308                DMA1_Stream2_IRQHandler
                0x08000308                CAN1_RX0_IRQHandler
                0x08000308                FPU_IRQHandler
                0x08000308                OTG_HS_WKUP_IRQHandler
                0x08000308                UsageFault_Handler
                0x08000308                CAN2_SCE_IRQHandler
                0x08000308                DMA2_Stream2_IRQHandler
                0x08000308                SPI1_IRQHandler
                0x08000308                TIM6_DAC_IRQHandler
                0x08000308                TIM1_BRK_TIM9_IRQHandler
                0x08000308                DCMI_IRQHandler
                0x08000308                CAN2_RX0_IRQHandler
                0x08000308                DMA2_Stream3_IRQHandler
                0x08000308                USART6_IRQHandler
                0x08000308                USART3_IRQHandler
                0x08000308                CRYP_IRQHandler
                0x08000308                CAN1_RX1_IRQHandler
                0x08000308                UART5_IRQHandler
                0x08000308                DMA2_Stream0_IRQHandler
                0x08000308                TIM4_IRQHandler
                0x08000308                I2C1_EV_IRQHandler
                0x08000308                DMA1_Stream6_IRQHandler
                0x08000308                DMA1_Stream1_IRQHandler
                0x08000308                UART4_IRQHandler
                0x08000308                TIM3_IRQHandler
                0x08000308                RCC_IRQHandler
                0x08000308                TIM8_BRK_TIM12_IRQHandler
                0x08000308                Default_Handler
                0x08000308                EXTI15_10_IRQHandler
                0x08000308                ADC_IRQHandler
                0x08000308                DMA1_Stream7_IRQHandler
                0x08000308                TIM7_IRQHandler
                0x08000308                CAN2_TX_IRQHandler
                0x08000308                TIM5_IRQHandler
                0x08000308                DMA2_Stream7_IRQHandler
                0x08000308                I2C3_EV_IRQHandler
                0x08000308                EXTI9_5_IRQHandler
                0x08000308                RTC_WKUP_IRQHandler
                0x08000308                ETH_WKUP_IRQHandler
                0x08000308                SPI2_IRQHandler
                0x08000308                OTG_HS_EP1_IN_IRQHandler
                0x08000308                MemManage_Handler
                0x08000308                DMA1_Stream0_IRQHandler
                0x08000308                CAN1_TX_IRQHandler
                0x08000308                SVC_Handler
                0x08000308                EXTI4_IRQHandler
                0x08000308                FSMC_IRQHandler
                0x08000308                ETH_IRQHandler
                0x08000308                OTG_HS_EP1_OUT_IRQHandler
                0x08000308                WWDG_IRQHandler
                0x08000308                TIM2_IRQHandler
                0x08000308                OTG_FS_WKUP_IRQHandler
                0x08000308                TIM1_TRG_COM_TIM11_IRQHandler
                0x08000308                OTG_HS_IRQHandler
                0x08000308                EXTI1_IRQHandler
                0x08000308                USART2_IRQHandler
                0x08000308                I2C2_ER_IRQHandler
                0x08000308                DMA2_Stream1_IRQHandler
                0x08000308                CAN1_SCE_IRQHandler
                0x08000308                DMA2_Stream4_IRQHandler
                0x08000308                BusFault_Handler
                0x08000308                USART1_IRQHandler
                0x08000308                OTG_FS_IRQHandler
                0x08000308                SPI3_IRQHandler
                0x08000308                DMA1_Stream4_IRQHandler
                0x08000308                I2C1_ER_IRQHandler
                0x08000308                DMA2_Stream6_IRQHandler
                0x08000308                DMA1_Stream3_IRQHandler
 *fill*         0x0800030a        0x2 
 .text.SPI_PeriClockControl
                0x0800030c       0x70 ./drivers/Src/stdSPI.o
                0x0800030c                SPI_PeriClockControl
 .text.SPI_Init
                0x0800037c       0xac ./drivers/Src/stdSPI.o
                0x0800037c                SPI_Init
 .text.SPI_GetFlagStatus
                0x08000428       0x28 ./drivers/Src/stdSPI.o
                0x08000428                SPI_GetFlagStatus
 .text.SPI_SendData
                0x08000450       0x6e ./drivers/Src/stdSPI.o
                0x08000450                SPI_SendData
 .text.SPI_PeripheralControl
                0x080004be       0x38 ./drivers/Src/stdSPI.o
                0x080004be                SPI_PeripheralControl
 .text.SPI_SSIConfig
                0x080004f6       0x38 ./drivers/Src/stdSPI.o
                0x080004f6                SPI_SSIConfig
 *fill*         0x0800052e        0x2 
 .text.GPIO_PeriClockControl
                0x08000530      0x1d0 ./drivers/Src/stm32f407x_gpio_driver.o
                0x08000530                GPIO_PeriClockControl
 .text.GPIO_Init
                0x08000700      0x360 ./drivers/Src/stm32f407x_gpio_driver.o
                0x08000700                GPIO_Init
 .text.__libc_init_array
                0x08000a60       0x48 C:/ST/STM32CubeIDE_1.15.1/STM32CubeIDE/plugins/com.st.stm32cube.ide.mcu.externaltools.gnu-tools-for-stm32.12.3.rel1.win32_1.0.200.202406191623/tools/bin/../lib/gcc/arm-none-eabi/12.3.1/../../../../arm-none-eabi/lib/thumb/v7e-m+fp/hard\libc_nano.a(libc_a-init.o)
                0x08000a60                __libc_init_array
 *(.glue_7)
 .glue_7        0x08000aa8        0x0 linker stubs
 *(.glue_7t)
 .glue_7t       0x08000aa8        0x0 linker stubs
 *(.eh_frame)
 .eh_frame      0x08000aa8        0x0 C:/ST/STM32CubeIDE_1.15.1/STM32CubeIDE/plugins/com.st.stm32cube.ide.mcu.externaltools.gnu-tools-for-stm32.12.3.rel1.win32_1.0.200.202406191623/tools/bin/../lib/gcc/arm-none-eabi/12.3.1/thumb/v7e-m+fp/hard/crtbegin.o
 *(.init)
 .init          0x08000aa8        0x4 C:/ST/STM32CubeIDE_1.15.1/STM32CubeIDE/plugins/com.st.stm32cube.ide.mcu.externaltools.gnu-tools-for-stm32.12.3.rel1.win32_1.0.200.202406191623/tools/bin/../lib/gcc/arm-none-eabi/12.3.1/thumb/v7e-m+fp/hard/crti.o
                0x08000aa8                _init
 .init          0x08000aac        0x8 C:/ST/STM32CubeIDE_1.15.1/STM32CubeIDE/plugins/com.st.stm32cube.ide.mcu.externaltools.gnu-tools-for-stm32.12.3.rel1.win32_1.0.200.202406191623/tools/bin/../lib/gcc/arm-none-eabi/12.3.1/thumb/v7e-m+fp/hard/crtn.o
 *(.fini)
 .fini          0x08000ab4        0x4 C:/ST/STM32CubeIDE_1.15.1/STM32CubeIDE/plugins/com.st.stm32cube.ide.mcu.externaltools.gnu-tools-for-stm32.12.3.rel1.win32_1.0.200.202406191623/tools/bin/../lib/gcc/arm-none-eabi/12.3.1/thumb/v7e-m+fp/hard/crti.o
                0x08000ab4                _fini
 .fini          0x08000ab8        0x8 C:/ST/STM32CubeIDE_1.15.1/STM32CubeIDE/plugins/com.st.stm32cube.ide.mcu.externaltools.gnu-tools-for-stm32.12.3.rel1.win32_1.0.200.202406191623/tools/bin/../lib/gcc/arm-none-eabi/12.3.1/thumb/v7e-m+fp/hard/crtn.o
                0x08000ac0                        . = ALIGN (0x4)
                0x08000ac0                        _etext = .

.vfp11_veneer   0x08000ac0        0x0
 .vfp11_veneer  0x08000ac0        0x0 linker stubs

.v4_bx          0x08000ac0        0x0
 .v4_bx         0x08000ac0        0x0 linker stubs

.iplt           0x08000ac0        0x0
 .iplt          0x08000ac0        0x0 C:/ST/STM32CubeIDE_1.15.1/STM32CubeIDE/plugins/com.st.stm32cube.ide.mcu.externaltools.gnu-tools-for-stm32.12.3.rel1.win32_1.0.200.202406191623/tools/bin/../lib/gcc/arm-none-eabi/12.3.1/thumb/v7e-m+fp/hard/crtbegin.o

.rodata         0x08000ac0        0xc
                0x08000ac0                        . = ALIGN (0x4)
 *(.rodata)
 .rodata        0x08000ac0        0xc ./Src/006SPI_tx_blocking.o
 *(.rodata*)
                0x08000acc                        . = ALIGN (0x4)

.ARM.extab      0x08000acc        0x0
                0x08000acc                        . = ALIGN (0x4)
 *(.ARM.extab* .gnu.linkonce.armextab.*)
                0x08000acc                        . = ALIGN (0x4)

.ARM            0x08000acc        0x8
                0x08000acc                        . = ALIGN (0x4)
                0x08000acc                        __exidx_start = .
 *(.ARM.exidx*)
 .ARM.exidx     0x08000acc        0x8 C:/ST/STM32CubeIDE_1.15.1/STM32CubeIDE/plugins/com.st.stm32cube.ide.mcu.externaltools.gnu-tools-for-stm32.12.3.rel1.win32_1.0.200.202406191623/tools/bin/../lib/gcc/arm-none-eabi/12.3.1/../../../../arm-none-eabi/lib/thumb/v7e-m+fp/hard\libc_nano.a(libc_a-strlen.o)
                0x08000ad4                        __exidx_end = .
                0x08000ad4                        . = ALIGN (0x4)

.preinit_array  0x08000ad4        0x0
                0x08000ad4                        . = ALIGN (0x4)
                0x08000ad4                        PROVIDE (__preinit_array_start = .)
 *(.preinit_array*)
                0x08000ad4                        PROVIDE (__preinit_array_end = .)
                0x08000ad4                        . = ALIGN (0x4)

.init_array     0x08000ad4        0x4
                0x08000ad4                        . = ALIGN (0x4)
                0x08000ad4                        PROVIDE (__init_array_start = .)
 *(SORT_BY_NAME(.init_array.*))
 *(.init_array*)
 .init_array    0x08000ad4        0x4 C:/ST/STM32CubeIDE_1.15.1/STM32CubeIDE/plugins/com.st.stm32cube.ide.mcu.externaltools.gnu-tools-for-stm32.12.3.rel1.win32_1.0.200.202406191623/tools/bin/../lib/gcc/arm-none-eabi/12.3.1/thumb/v7e-m+fp/hard/crtbegin.o
                0x08000ad8                        PROVIDE (__init_array_end = .)
                0x08000ad8                        . = ALIGN (0x4)

.fini_array     0x08000ad8        0x4
                0x08000ad8                        . = ALIGN (0x4)
                [!provide]                        PROVIDE (__fini_array_start = .)
 *(SORT_BY_NAME(.fini_array.*))
 *(.fini_array*)
 .fini_array    0x08000ad8        0x4 C:/ST/STM32CubeIDE_1.15.1/STM32CubeIDE/plugins/com.st.stm32cube.ide.mcu.externaltools.gnu-tools-for-stm32.12.3.rel1.win32_1.0.200.202406191623/tools/bin/../lib/gcc/arm-none-eabi/12.3.1/thumb/v7e-m+fp/hard/crtbegin.o
                [!provide]                        PROVIDE (__fini_array_end = .)
                0x08000adc                        . = ALIGN (0x4)
                0x08000adc                        _sidata = LOADADDR (.data)

.rel.dyn        0x08000adc        0x0
 .rel.iplt      0x08000adc        0x0 C:/ST/STM32CubeIDE_1.15.1/STM32CubeIDE/plugins/com.st.stm32cube.ide.mcu.externaltools.gnu-tools-for-stm32.12.3.rel1.win32_1.0.200.202406191623/tools/bin/../lib/gcc/arm-none-eabi/12.3.1/thumb/v7e-m+fp/hard/crtbegin.o

.data           0x20000000        0x0 load address 0x08000adc
                0x20000000                        . = ALIGN (0x4)
                0x20000000                        _sdata = .
 *(.data)
 *(.data*)
 *(.RamFunc)
 *(.RamFunc*)
                0x20000000                        . = ALIGN (0x4)
                0x20000000                        _edata = .
                0x08000adc                        _siccmram = LOADADDR (.ccmram)

.igot.plt       0x20000000        0x0 load address 0x08000adc
 .igot.plt      0x20000000        0x0 C:/ST/STM32CubeIDE_1.15.1/STM32CubeIDE/plugins/com.st.stm32cube.ide.mcu.externaltools.gnu-tools-for-stm32.12.3.rel1.win32_1.0.200.202406191623/tools/bin/../lib/gcc/arm-none-eabi/12.3.1/thumb/v7e-m+fp/hard/crtbegin.o

.ccmram         0x10000000        0x0 load address 0x08000adc
                0x10000000                        . = ALIGN (0x4)
                0x10000000                        _sccmram = .
 *(.ccmram)
 *(.ccmram*)
                0x10000000                        . = ALIGN (0x4)
                0x10000000                        _eccmram = .
                0x10000000                        . = ALIGN (0x4)

.bss            0x20000000       0x1c
                0x20000000                        _sbss = .
                0x20000000                        __bss_start__ = _sbss
 *(.bss)
 .bss           0x20000000       0x1c C:/ST/STM32CubeIDE_1.15.1/STM32CubeIDE/plugins/com.st.stm32cube.ide.mcu.externaltools.gnu-tools-for-stm32.12.3.rel1.win32_1.0.200.202406191623/tools/bin/../lib/gcc/arm-none-eabi/12.3.1/thumb/v7e-m+fp/hard/crtbegin.o
 *(.bss*)
 *(COMMON)
                0x2000001c                        . = ALIGN (0x4)
                0x2000001c                        _ebss = .
                0x2000001c                        __bss_end__ = _ebss

._user_heap_stack
                0x2000001c      0x604
                0x20000020                        . = ALIGN (0x8)
 *fill*         0x2000001c        0x4 
                0x20000020                        PROVIDE (end = .)
                [!provide]                        PROVIDE (_end = .)
                0x20000220                        . = (. + _Min_Heap_Size)
 *fill*         0x20000020      0x200 
                0x20000620                        . = (. + _Min_Stack_Size)
 *fill*         0x20000220      0x400 
                0x20000620                        . = ALIGN (0x8)

/DISCARD/
 libc.a(*)
 libm.a(*)
 libgcc.a(*)

.ARM.attributes
                0x00000000       0x30
 *(.ARM.attributes)
 .ARM.attributes
                0x00000000       0x22 C:/ST/STM32CubeIDE_1.15.1/STM32CubeIDE/plugins/com.st.stm32cube.ide.mcu.externaltools.gnu-tools-for-stm32.12.3.rel1.win32_1.0.200.202406191623/tools/bin/../lib/gcc/arm-none-eabi/12.3.1/thumb/v7e-m+fp/hard/crti.o
 .ARM.attributes
                0x00000022       0x34 C:/ST/STM32CubeIDE_1.15.1/STM32CubeIDE/plugins/com.st.stm32cube.ide.mcu.externaltools.gnu-tools-for-stm32.12.3.rel1.win32_1.0.200.202406191623/tools/bin/../lib/gcc/arm-none-eabi/12.3.1/thumb/v7e-m+fp/hard/crtbegin.o
 .ARM.attributes
                0x00000056       0x34 ./Src/006SPI_tx_blocking.o
 .ARM.attributes
                0x0000008a       0x21 ./Startup/startup_stm32f407vgtx.o
 .ARM.attributes
                0x000000ab       0x34 ./drivers/Src/stdSPI.o
 .ARM.attributes
                0x000000df       0x34 ./drivers/Src/stm32f407x_gpio_driver.o
 .ARM.attributes
                0x00000113       0x34 C:/ST/STM32CubeIDE_1.15.1/STM32CubeIDE/plugins/com.st.stm32cube.ide.mcu.externaltools.gnu-tools-for-stm32.12.3.rel1.win32_1.0.200.202406191623/tools/bin/../lib/gcc/arm-none-eabi/12.3.1/../../../../arm-none-eabi/lib/thumb/v7e-m+fp/hard\libc_nano.a(libc_a-init.o)
 .ARM.attributes
                0x00000147       0x17 C:/ST/STM32CubeIDE_1.15.1/STM32CubeIDE/plugins/com.st.stm32cube.ide.mcu.externaltools.gnu-tools-for-stm32.12.3.rel1.win32_1.0.200.202406191623/tools/bin/../lib/gcc/arm-none-eabi/12.3.1/../../../../arm-none-eabi/lib/thumb/v7e-m+fp/hard\libc_nano.a(libc_a-strlen.o)
 .ARM.attributes
                0x0000015e       0x22 C:/ST/STM32CubeIDE_1.15.1/STM32CubeIDE/plugins/com.st.stm32cube.ide.mcu.externaltools.gnu-tools-for-stm32.12.3.rel1.win32_1.0.200.202406191623/tools/bin/../lib/gcc/arm-none-eabi/12.3.1/thumb/v7e-m+fp/hard/crtn.o
OUTPUT(stm32F4xx_drivers.elf elf32-littlearm)
LOAD linker stubs
LOAD C:/ST/STM32CubeIDE_1.15.1/STM32CubeIDE/plugins/com.st.stm32cube.ide.mcu.externaltools.gnu-tools-for-stm32.12.3.rel1.win32_1.0.200.202406191623/tools/bin/../lib/gcc/arm-none-eabi/12.3.1/../../../../arm-none-eabi/lib/thumb/v7e-m+fp/hard\libc.a
LOAD C:/ST/STM32CubeIDE_1.15.1/STM32CubeIDE/plugins/com.st.stm32cube.ide.mcu.externaltools.gnu-tools-for-stm32.12.3.rel1.win32_1.0.200.202406191623/tools/bin/../lib/gcc/arm-none-eabi/12.3.1/../../../../arm-none-eabi/lib/thumb/v7e-m+fp/hard\libm.a
LOAD C:/ST/STM32CubeIDE_1.15.1/STM32CubeIDE/plugins/com.st.stm32cube.ide.mcu.externaltools.gnu-tools-for-stm32.12.3.rel1.win32_1.0.200.202406191623/tools/bin/../lib/gcc/arm-none-eabi/12.3.1/thumb/v7e-m+fp/hard\libgcc.a

.debug_info     0x00000000     0x1574
 .debug_info    0x00000000      0x492 ./Src/006SPI_tx_blocking.o
 .debug_info    0x00000492       0x30 ./Startup/startup_stm32f407vgtx.o
 .debug_info    0x000004c2      0x8b0 ./drivers/Src/stdSPI.o
 .debug_info    0x00000d72      0x802 ./drivers/Src/stm32f407x_gpio_driver.o

.debug_abbrev   0x00000000      0x4dc
 .debug_abbrev  0x00000000      0x131 ./Src/006SPI_tx_blocking.o
 .debug_abbrev  0x00000131       0x24 ./Startup/startup_stm32f407vgtx.o
 .debug_abbrev  0x00000155      0x1dd ./drivers/Src/stdSPI.o
 .debug_abbrev  0x00000332      0x1aa ./drivers/Src/stm32f407x_gpio_driver.o

.debug_aranges  0x00000000      0x188
 .debug_aranges
                0x00000000       0x30 ./Src/006SPI_tx_blocking.o
 .debug_aranges
                0x00000030       0x28 ./Startup/startup_stm32f407vgtx.o
 .debug_aranges
                0x00000058       0xc0 ./drivers/Src/stdSPI.o
 .debug_aranges
                0x00000118       0x70 ./drivers/Src/stm32f407x_gpio_driver.o

.debug_rnglists
                0x00000000      0x11b
 .debug_rnglists
                0x00000000       0x1f ./Src/006SPI_tx_blocking.o
 .debug_rnglists
                0x0000001f       0x19 ./Startup/startup_stm32f407vgtx.o
 .debug_rnglists
                0x00000038       0x90 ./drivers/Src/stdSPI.o
 .debug_rnglists
                0x000000c8       0x53 ./drivers/Src/stm32f407x_gpio_driver.o

.debug_macro    0x00000000     0x23a9
 .debug_macro   0x00000000      0x161 ./Src/006SPI_tx_blocking.o
 .debug_macro   0x00000161      0xaba ./Src/006SPI_tx_blocking.o
 .debug_macro   0x00000c1b       0x22 ./Src/006SPI_tx_blocking.o
 .debug_macro   0x00000c3d       0x5b ./Src/006SPI_tx_blocking.o
 .debug_macro   0x00000c98       0x2a ./Src/006SPI_tx_blocking.o
 .debug_macro   0x00000cc2       0x94 ./Src/006SPI_tx_blocking.o
 .debug_macro   0x00000d56       0x43 ./Src/006SPI_tx_blocking.o
 .debug_macro   0x00000d99       0x34 ./Src/006SPI_tx_blocking.o
 .debug_macro   0x00000dcd      0x189 ./Src/006SPI_tx_blocking.o
 .debug_macro   0x00000f56       0x16 ./Src/006SPI_tx_blocking.o
 .debug_macro   0x00000f6c       0x43 ./Src/006SPI_tx_blocking.o
 .debug_macro   0x00000faf       0x57 ./Src/006SPI_tx_blocking.o
 .debug_macro   0x00001006       0x34 ./Src/006SPI_tx_blocking.o
 .debug_macro   0x0000103a       0x10 ./Src/006SPI_tx_blocking.o
 .debug_macro   0x0000104a       0x58 ./Src/006SPI_tx_blocking.o
 .debug_macro   0x000010a2       0x8e ./Src/006SPI_tx_blocking.o
 .debug_macro   0x00001130       0x1c ./Src/006SPI_tx_blocking.o
 .debug_macro   0x0000114c      0x177 ./Src/006SPI_tx_blocking.o
 .debug_macro   0x000012c3      0x369 ./Src/006SPI_tx_blocking.o
 .debug_macro   0x0000162c       0x10 ./Src/006SPI_tx_blocking.o
 .debug_macro   0x0000163c       0x35 ./Src/006SPI_tx_blocking.o
 .debug_macro   0x00001671       0x20 ./Src/006SPI_tx_blocking.o
 .debug_macro   0x00001691      0x103 ./Src/006SPI_tx_blocking.o
 .debug_macro   0x00001794       0x6a ./Src/006SPI_tx_blocking.o
 .debug_macro   0x000017fe      0x1df ./Src/006SPI_tx_blocking.o
 .debug_macro   0x000019dd      0x4c7 ./Src/006SPI_tx_blocking.o
 .debug_macro   0x00001ea4       0xc4 ./Src/006SPI_tx_blocking.o
 .debug_macro   0x00001f68       0xc4 ./Src/006SPI_tx_blocking.o
 .debug_macro   0x0000202c       0xa3 ./drivers/Src/stdSPI.o
 .debug_macro   0x000020cf       0x8e ./drivers/Src/stdSPI.o
 .debug_macro   0x0000215d       0x51 ./drivers/Src/stdSPI.o
 .debug_macro   0x000021ae       0xbe ./drivers/Src/stdSPI.o
 .debug_macro   0x0000226c       0xdc ./drivers/Src/stm32f407x_gpio_driver.o
 .debug_macro   0x00002348       0x61 ./drivers/Src/stm32f407x_gpio_driver.o

.debug_line     0x00000000     0x1c6c
 .debug_line    0x00000000      0x68c ./Src/006SPI_tx_blocking.o
 .debug_line    0x0000068c       0x7b ./Startup/startup_stm32f407vgtx.o
 .debug_line    0x00000707      0x9cc ./drivers/Src/stdSPI.o
 .debug_line    0x000010d3      0xb99 ./drivers/Src/stm32f407x_gpio_driver.o

.debug_str      0x00000000     0x9536
 .debug_str     0x00000000     0x9063 ./Src/006SPI_tx_blocking.o
                               0x9265 (size before relaxing)
 .debug_str     0x00009063       0x3f ./Startup/startup_stm32f407vgtx.o
                                 0x84 (size before relaxing)
 .debug_str     0x000090a2      0x307 ./drivers/Src/stdSPI.o
                               0x62c7 (size before relaxing)
 .debug_str     0x000093a9      0x18d ./drivers/Src/stm32f407x_gpio_driver.o
                               0x6639 (size before relaxing)

.comment        0x00000000       0x43
 .comment       0x00000000       0x43 ./Src/006SPI_tx_blocking.o
                                 0x44 (size before relaxing)
 .comment       0x00000043       0x44 ./drivers/Src/stdSPI.o
 .comment       0x00000043       0x44 ./drivers/Src/stm32f407x_gpio_driver.o

.debug_frame    0x00000000      0x5a4
 .debug_frame   0x00000000       0x78 ./Src/006SPI_tx_blocking.o
 .debug_frame   0x00000078      0x33c ./drivers/Src/stdSPI.o
 .debug_frame   0x000003b4      0x1c4 ./drivers/Src/stm32f407x_gpio_driver.o
 .debug_frame   0x00000578       0x2c C:/ST/STM32CubeIDE_1.15.1/STM32CubeIDE/plugins/com.st.stm32cube.ide.mcu.externaltools.gnu-tools-for-stm32.12.3.rel1.win32_1.0.200.202406191623/tools/bin/../lib/gcc/arm-none-eabi/12.3.1/../../../../arm-none-eabi/lib/thumb/v7e-m+fp/hard\libc_nano.a(libc_a-init.o)

.debug_line_str
                0x00000000       0x68
 .debug_line_str
                0x00000000       0x68 ./Startup/startup_stm32f407vgtx.o
