../drivers/Src/stm32f407xx_usart_driver.c:22:6:USART_PeriClockControl	16	static
../drivers/Src/stm32f407xx_usart_driver.c:93:6:USART_PeripheralControl	16	static
../drivers/Src/stm32f407xx_usart_driver.c:117:9:USART_GetFlagStatus	16	static
../drivers/Src/stm32f407xx_usart_driver.c:139:6:USART_ClearFlag	16	static
../drivers/Src/stm32f407xx_usart_driver.c:156:6:USART_IRQInterruptConfig	16	static
../drivers/Src/stm32f407xx_usart_driver.c:201:6:USART_IRQPriorityConfig	24	static
../drivers/Src/stm32f407xx_usart_driver.c:222:6:USART_Init	24	static
../drivers/Src/stm32f407xx_usart_driver.c:308:6:USART_SendData	32	static
../drivers/Src/stm32f407xx_usart_driver.c:357:6:USART_ReceiveData	32	static
../drivers/Src/stm32f407xx_usart_driver.c:405:9:USART_SendDataIT	32	static
../drivers/Src/stm32f407xx_usart_driver.c:437:9:USART_ReceiveDataIT	32	static
../drivers/Src/stm32f407xx_usart_driver.c:467:6:USART_IRQHandling	48	static
../drivers/Src/stm32f407xx_usart_driver.c:683:13:USART_ApplicationEventCallback	16	static
